// Jest Snapshot v1, https://goo.gl/fbAQLP

exports[`Component should render correctly 1`] = `
<div
  className="toggle"
  onClick={[Function]}
  style={
    Object {
      "alignItems": "center",
      "cursor": "pointer",
      "display": "flex",
      "fontFamily": "sans-serif",
      "fontSize": 70,
      "height": "100vh",
      "justifyContent": "center",
      "userSelect": "none",
    }
  }
>
  <div
    className="child"
  >
    0
  </div>
  Hello Jest!
</div>
`;
